// Jest Snapshot v1, https://goo.gl/fbAQLP

exports[`renders correctly 1`] = `
<View
  onLayout={[Function]}
  style={
    [
      [
        {
          "flexBasis": "0%",
          "flexGrow": 1,
          "flexShrink": 1,
        },
        {
          "alignItems": "center",
        },
        {
          "justifyContent": "center",
        },
        {
          "backgroundColor": "#F8F3ED",
        },
      ],
      {
        "paddingBottom": 0,
      },
    ]
  }
>
  <Text
    style={
      [
        {
          "marginTop": -40,
        },
        {
          "marginBottom": 32,
        },
        {
          "fontSize": 24,
          "lineHeight": 32,
        },
        {
          "fontWeight": "600",
        },
        {
          "color": "#212529",
        },
      ]
    }
  >
    homeplanner
  </Text>
  <View
    style={
      [
        {
          "width": 288,
        },
      ]
    }
  >
    <TextInput
      onChangeText={[Function]}
      placeholder="email"
      placeholderTextColor="#929193"
      style={
        [
          {
            "marginBottom": 12,
          },
          {
            "borderBottomWidth": 1,
            "borderLeftWidth": 1,
            "borderRightWidth": 1,
            "borderTopWidth": 1,
          },
          {
            "borderBottomLeftRadius": 12,
            "borderBottomRightRadius": 12,
            "borderTopLeftRadius": 12,
            "borderTopRightRadius": 12,
          },
          {
            "borderBottomColor": "#2125292c",
            "borderLeftColor": "#2125292c",
            "borderRightColor": "#2125292c",
            "borderTopColor": "#2125292c",
          },
          {
            "backgroundColor": "#E5E5E5",
          },
          {
            "paddingBottom": 8,
            "paddingLeft": 8,
            "paddingRight": 8,
            "paddingTop": 8,
          },
          {
            "color": "#212529",
          },
        ]
      }
      value=""
    />
    <TextInput
      onChangeText={[Function]}
      placeholder="contraseña"
      placeholderTextColor="#929193"
      style={
        [
          {
            "marginBottom": 12,
          },
          {
            "borderBottomWidth": 1,
            "borderLeftWidth": 1,
            "borderRightWidth": 1,
            "borderTopWidth": 1,
          },
          {
            "borderBottomLeftRadius": 12,
            "borderBottomRightRadius": 12,
            "borderTopLeftRadius": 12,
            "borderTopRightRadius": 12,
          },
          {
            "borderBottomColor": "#2125292c",
            "borderLeftColor": "#2125292c",
            "borderRightColor": "#2125292c",
            "borderTopColor": "#2125292c",
          },
          {
            "backgroundColor": "#E5E5E5",
          },
          {
            "paddingBottom": 8,
            "paddingLeft": 8,
            "paddingRight": 8,
            "paddingTop": 8,
          },
          {
            "color": "#212529",
          },
        ]
      }
      value=""
    />
    <Text
      style={
        [
          {
            "marginBottom": 8,
          },
          {
            "alignSelf": "flex-end",
          },
          {
            "fontSize": 12,
            "lineHeight": 16,
          },
          {
            "fontWeight": "600",
          },
          {
            "color": "#1E88E5",
          },
        ]
      }
    >
      ¿Has olvidado tu contraseña?
    </Text>
    <View
      accessibilityState={
        {
          "busy": undefined,
          "checked": undefined,
          "disabled": undefined,
          "expanded": undefined,
          "selected": undefined,
        }
      }
      accessibilityValue={
        {
          "max": undefined,
          "min": undefined,
          "now": undefined,
          "text": undefined,
        }
      }
      accessible={true}
      collapsable={false}
      focusable={true}
      onBlur={[Function]}
      onClick={[Function]}
      onFocus={[Function]}
      onResponderGrant={[Function]}
      onResponderMove={[Function]}
      onResponderRelease={[Function]}
      onResponderTerminate={[Function]}
      onResponderTerminationRequest={[Function]}
      onStartShouldSetResponder={[Function]}
      style={
        [
          {
            "marginBottom": 16,
            "marginTop": 16,
          },
          {
            "width": "100%",
          },
          {
            "borderBottomLeftRadius": 8,
            "borderBottomRightRadius": 8,
            "borderTopLeftRadius": 8,
            "borderTopRightRadius": 8,
          },
          {
            "backgroundColor": "#1E88E5",
          },
          {
            "paddingBottom": 8,
            "paddingLeft": 8,
            "paddingRight": 8,
            "paddingTop": 8,
          },
        ]
      }
    >
      <Text
        style={
          [
            {
              "textAlign": "center",
            },
            {
              "fontWeight": "500",
            },
            {
              "color": "#F8F3ED",
            },
          ]
        }
      >
        Iniciar sesión
      </Text>
    </View>
    <Text
      style={
        [
          {
            "marginTop": 8,
          },
          {
            "fontSize": 14,
            "lineHeight": 20,
          },
          {
            "color": "#929193",
          },
        ]
      }
    >
      ¿Todavía no tienes cuenta?
       
      <Text
        accessibilityRole="link"
        href="/Register"
        onPress={[Function]}
      >
        <Text
          style={
            [
              {
                "fontWeight": "600",
              },
              {
                "color": "#1E88E5",
              },
            ]
          }
        >
          Únete
        </Text>
      </Text>
    </Text>
  </View>
</View>
`;
