// Jest Snapshot v1, https://goo.gl/fbAQLP

exports[`renders correctly 1`] = `
<View
  style={
    {
      "alignItems": "center",
      "backgroundColor": "#F8F3ED",
      "flex": 1,
      "justifyContent": "center",
    }
  }
>
  <Text
    style={
      {
        "fontSize": 20,
        "fontWeight": "bold",
      }
    }
  >
    Inicio
  </Text>
  <View
    style={
      {
        "height": 1,
        "marginVertical": 30,
        "width": "80%",
      }
    }
  />
</View>
`;
